src/context/LanguageContext.tsx(39,39): error TS2551: Property 'footer_disclaimer_text' does not exist on type '{ app_name: string; community_project: string; home: string; directory: string; help: string; search: string; intercity: string; search_placeholder: string; find_buses_title: string; find_buses_subtitle: string; ... 57 more ...; card_travel_desc: string; } | { ...; }'. Did you mean 'disclaimer_text'?
